[debug] [2022-04-02T17:44:11.123Z] ----------------------------------------------------------------------
[debug] [2022-04-02T17:44:11.126Z] Command:       C:\Program Files\nodejs\node.exe C:\Users\iftkh\AppData\Roaming\npm\node_modules\firebase-tools\lib\bin\firebase.js serve
[debug] [2022-04-02T17:44:11.126Z] CLI Version:   10.5.0
[debug] [2022-04-02T17:44:11.126Z] Platform:      win32
[debug] [2022-04-02T17:44:11.127Z] Node Version:  v16.14.0
[debug] [2022-04-02T17:44:11.129Z] Time:          Sat Apr 02 2022 21:44:11 GMT+0400 (Gulf Standard Time)
[debug] [2022-04-02T17:44:11.129Z] ----------------------------------------------------------------------
[debug] 
[debug] [2022-04-02T17:44:11.236Z] > command requires scopes: ["email","openid","https://www.googleapis.com/auth/cloudplatformprojects.readonly","https://www.googleapis.com/auth/firebase","https://www.googleapis.com/auth/cloud-platform"]
[debug] [2022-04-02T17:44:11.236Z] > authorizing via signed-in user (iftkhar00490@gmail.com)
[debug] [2022-04-02T17:44:11.236Z] [iam] checking project photohol-e0497 for permissions ["firebase.projects.get"]
[debug] [2022-04-02T17:44:11.238Z] > refreshing access token with scopes: []
[debug] [2022-04-02T17:44:11.239Z] >>> HTTP REQUEST POST https://www.googleapis.com/oauth2/v3/token  
 <request body omitted>
[debug] [2022-04-02T17:44:11.570Z] <<< HTTP RESPONSE 200 {"date":"Sat, 02 Apr 2022 17:44:10 GMT","expires":"Mon, 01 Jan 1990 00:00:00 GMT","cache-control":"no-cache, no-store, max-age=0, must-revalidate","pragma":"no-cache","content-type":"application/json; charset=utf-8","vary":"X-Origin, Referer, Origin,Accept-Encoding","server":"scaffolding on HTTPServer2","x-xss-protection":"0","x-frame-options":"SAMEORIGIN","x-content-type-options":"nosniff","alt-svc":"h3=\":443\"; ma=2592000,h3-29=\":443\"; ma=2592000,h3-Q050=\":443\"; ma=2592000,h3-Q046=\":443\"; ma=2592000,h3-Q043=\":443\"; ma=2592000,quic=\":443\"; ma=2592000; v=\"46,43\"","accept-ranges":"none","transfer-encoding":"chunked"}
[debug] [2022-04-02T17:44:11.585Z] >>> [apiv2][query] POST https://cloudresourcemanager.googleapis.com/v1/projects/photohol-e0497:testIamPermissions [none]
[debug] [2022-04-02T17:44:11.586Z] >>> [apiv2][body] POST https://cloudresourcemanager.googleapis.com/v1/projects/photohol-e0497:testIamPermissions {"permissions":["firebase.projects.get"]}
[debug] [2022-04-02T17:44:13.105Z] <<< [apiv2][status] POST https://cloudresourcemanager.googleapis.com/v1/projects/photohol-e0497:testIamPermissions 200
[debug] [2022-04-02T17:44:13.106Z] <<< [apiv2][body] POST https://cloudresourcemanager.googleapis.com/v1/projects/photohol-e0497:testIamPermissions {"permissions":["firebase.projects.get"]}
[debug] [2022-04-02T17:44:13.108Z] >>> [apiv2][query] GET https://firebase.googleapis.com/v1beta1/projects/photohol-e0497 [none]
[debug] [2022-04-02T17:44:13.769Z] <<< [apiv2][status] GET https://firebase.googleapis.com/v1beta1/projects/photohol-e0497 200
[debug] [2022-04-02T17:44:13.769Z] <<< [apiv2][body] GET https://firebase.googleapis.com/v1beta1/projects/photohol-e0497 {"projectId":"photohol-e0497","projectNumber":"197321594844","displayName":"Photoholic","name":"projects/photohol-e0497","resources":{"hostingSite":"photohol-e0497"},"state":"ACTIVE"}
[info] 
[info] === Serving from 'C:\Users\iftkh\Documents\MealsToGo-59-image-background-solution'...
[info] 
[info] +  functions: Using node@16 from host. {"metadata":{"emulator":{"name":"functions"},"message":"Using node@16 from host."}}
[debug] [2022-04-02T17:44:13.809Z] defaultcredentials: writing to file C:\Users\iftkh\AppData\Roaming\firebase\iftkhar00490_gmail_com_application_default_credentials.json
[debug] [2022-04-02T17:44:13.817Z] Setting GAC to C:\Users\iftkh\AppData\Roaming\firebase\iftkhar00490_gmail_com_application_default_credentials.json {"metadata":{"emulator":{"name":"functions"},"message":"Setting GAC to C:\\Users\\iftkh\\AppData\\Roaming\\firebase\\iftkhar00490_gmail_com_application_default_credentials.json"}}
[debug] [2022-04-02T17:44:13.818Z] >>> [apiv2][query] GET https://firebase.googleapis.com/v1beta1/projects/photohol-e0497/adminSdkConfig [none]
[debug] [2022-04-02T17:44:14.292Z] <<< [apiv2][status] GET https://firebase.googleapis.com/v1beta1/projects/photohol-e0497/adminSdkConfig 200
[debug] [2022-04-02T17:44:14.292Z] <<< [apiv2][body] GET https://firebase.googleapis.com/v1beta1/projects/photohol-e0497/adminSdkConfig {"projectId":"photohol-e0497","storageBucket":"photohol-e0497.appspot.com"}
[info] i  functions: Watching "C:\Users\iftkh\Documents\MealsToGo-59-image-background-solution\functions" for Cloud Functions... {"metadata":{"emulator":{"name":"functions"},"message":"Watching \"C:\\Users\\iftkh\\Documents\\MealsToGo-59-image-background-solution\\functions\" for Cloud Functions..."}}
[debug] [2022-04-02T17:44:14.334Z] Validating nodejs source
[debug] [2022-04-02T17:44:21.282Z] > [functions] package.json contents: {
  "name": "functions",
  "description": "Cloud Functions for Firebase",
  "scripts": {
    "serve": "firebase emulators:start --only functions",
    "shell": "firebase functions:shell",
    "start": "npm run shell",
    "deploy": "firebase deploy --only functions",
    "logs": "firebase functions:log"
  },
  "engines": {
    "node": "16"
  },
  "main": "index.js",
  "dependencies": {
    "@googlemaps/google-maps-services-js": "^3.3.12",
    "firebase-admin": "^10.0.2",
    "firebase-functions": "^3.19.0",
    "serve": "^13.0.2"
  },
  "devDependencies": {
    "firebase-functions-test": "^0.2.0"
  },
  "private": true
}
[debug] [2022-04-02T17:44:21.282Z] Building nodejs source
[debug] [2022-04-02T17:44:21.282Z] Analyzing nodejs backend spec
[info] +  functions[us-central1-geocode]: http function initialized (http://localhost:5000/photohol-e0497/us-central1/geocode). {"metadata":{"emulator":{"name":"functions"},"message":"\u001b[1mhttp\u001b[22m function initialized (http://localhost:5000/photohol-e0497/us-central1/geocode)."}}
[info] +  functions[us-central1-placesNearby]: http function initialized (http://localhost:5000/photohol-e0497/us-central1/placesNearby). {"metadata":{"emulator":{"name":"functions"},"message":"\u001b[1mhttp\u001b[22m function initialized (http://localhost:5000/photohol-e0497/us-central1/placesNearby)."}}
[debug] [2022-04-02T17:52:12.425Z] [work-queue] {"queueLength":1,"workRunningCount":0}
[debug] [2022-04-02T17:52:12.427Z] [work-queue] {"queueLength":0,"workRunningCount":1}
[debug] [2022-04-02T17:52:12.428Z] Accepted request GET /photohol-e0497/us-central1/geocode --> us-central1-geocode
[debug] [2022-04-02T17:52:12.466Z] [worker-pool] addWorker(us-central1-geocode) {"metadata":{"emulator":{"name":"functions"},"message":"[worker-pool] addWorker(us-central1-geocode)"}}
[debug] [2022-04-02T17:52:12.467Z] [worker-pool] Adding worker with key us-central1-geocode, total=1 {"metadata":{"emulator":{"name":"functions"},"message":"[worker-pool] Adding worker with key us-central1-geocode, total=1"}}
[debug] [2022-04-02T17:52:12.470Z] [worker-pool] submitWork(triggerId=us-central1-geocode) {"metadata":{"emulator":{"name":"functions"},"message":"[worker-pool] submitWork(triggerId=us-central1-geocode)"}}
[debug] [2022-04-02T17:52:12.475Z] [worker-us-central1-geocode-5d8ce948-c911-4267-89b9-74c28275c2e5]: Assigning socketPath: \\?\pipe\C:\Users\iftkh\Documents\MealsToGo-59-image-background-solution\functions\14420 {"metadata":{"emulator":{"name":"functions"},"message":"[worker-us-central1-geocode-5d8ce948-c911-4267-89b9-74c28275c2e5]: Assigning socketPath: \\\\?\\pipe\\C:\\Users\\iftkh\\Documents\\MealsToGo-59-image-background-solution\\functions\\14420"}}
[debug] [2022-04-02T17:52:12.477Z] [worker-us-central1-geocode-5d8ce948-c911-4267-89b9-74c28275c2e5]: BUSY {"metadata":{"emulator":{"name":"functions"},"message":"[worker-us-central1-geocode-5d8ce948-c911-4267-89b9-74c28275c2e5]: BUSY"}}
[debug] [2022-04-02T17:52:20.290Z] [runtime-status] [14420] Functions runtime initialized. {"cwd":"C:\\Users\\iftkh\\Documents\\MealsToGo-59-image-background-solution\\functions","node_version":"16.14.0"} {"metadata":{"emulator":{"name":"functions"},"function":{"name":"us-central1-geocode"},"extension":{},"message":"[runtime-status] [14420] Functions runtime initialized. {\"cwd\":\"C:\\\\Users\\\\iftkh\\\\Documents\\\\MealsToGo-59-image-background-solution\\\\functions\",\"node_version\":\"16.14.0\"}"}}
[debug] [2022-04-02T17:52:20.294Z] [runtime-status] [14420] Disabled runtime features: undefined {"metadata":{"emulator":{"name":"functions"},"function":{"name":"us-central1-geocode"},"extension":{},"message":"[runtime-status] [14420] Disabled runtime features: undefined"}}
[debug] [2022-04-02T17:52:20.308Z] [runtime-status] [14420] Resolved module firebase-admin {"declared":true,"installed":true,"version":"10.0.2","resolution":"C:\\Users\\iftkh\\Documents\\MealsToGo-59-image-background-solution\\functions\\node_modules\\firebase-admin\\lib\\index.js"} {"metadata":{"emulator":{"name":"functions"},"function":{"name":"us-central1-geocode"},"extension":{},"message":"[runtime-status] [14420] Resolved module firebase-admin {\"declared\":true,\"installed\":true,\"version\":\"10.0.2\",\"resolution\":\"C:\\\\Users\\\\iftkh\\\\Documents\\\\MealsToGo-59-image-background-solution\\\\functions\\\\node_modules\\\\firebase-admin\\\\lib\\\\index.js\"}"}}
[debug] [2022-04-02T17:52:20.319Z] [runtime-status] [14420] Resolved module firebase-functions {"declared":true,"installed":true,"version":"3.19.0","resolution":"C:\\Users\\iftkh\\Documents\\MealsToGo-59-image-background-solution\\functions\\node_modules\\firebase-functions\\lib\\index.js"} {"metadata":{"emulator":{"name":"functions"},"function":{"name":"us-central1-geocode"},"extension":{},"message":"[runtime-status] [14420] Resolved module firebase-functions {\"declared\":true,\"installed\":true,\"version\":\"3.19.0\",\"resolution\":\"C:\\\\Users\\\\iftkh\\\\Documents\\\\MealsToGo-59-image-background-solution\\\\functions\\\\node_modules\\\\firebase-functions\\\\lib\\\\index.js\"}"}}
[debug] [2022-04-02T17:52:20.321Z] [runtime-status] [14420] Found local functions config: C:\Users\iftkh\Documents\MealsToGo-59-image-background-solution\functions/.runtimeconfig.json {"metadata":{"emulator":{"name":"functions"},"function":{"name":"us-central1-geocode"},"extension":{},"message":"[runtime-status] [14420] Found local functions config: C:\\Users\\iftkh\\Documents\\MealsToGo-59-image-background-solution\\functions/.runtimeconfig.json"}}
[debug] [2022-04-02T17:52:20.322Z] [runtime-status] [14420] Outgoing network have been stubbed. [{"name":"http","status":"mocked"},{"name":"http","status":"mocked"},{"name":"https","status":"mocked"},{"name":"https","status":"mocked"},{"name":"net","status":"mocked"}] {"metadata":{"emulator":{"name":"functions"},"function":{"name":"us-central1-geocode"},"extension":{},"message":"[runtime-status] [14420] Outgoing network have been stubbed. [{\"name\":\"http\",\"status\":\"mocked\"},{\"name\":\"http\",\"status\":\"mocked\"},{\"name\":\"https\",\"status\":\"mocked\"},{\"name\":\"https\",\"status\":\"mocked\"},{\"name\":\"net\",\"status\":\"mocked\"}]"}}
[debug] [2022-04-02T17:52:20.324Z] [runtime-status] [14420] Resolved module firebase-functions {"declared":true,"installed":true,"version":"3.19.0","resolution":"C:\\Users\\iftkh\\Documents\\MealsToGo-59-image-background-solution\\functions\\node_modules\\firebase-functions\\lib\\index.js"} {"metadata":{"emulator":{"name":"functions"},"function":{"name":"us-central1-geocode"},"extension":{},"message":"[runtime-status] [14420] Resolved module firebase-functions {\"declared\":true,\"installed\":true,\"version\":\"3.19.0\",\"resolution\":\"C:\\\\Users\\\\iftkh\\\\Documents\\\\MealsToGo-59-image-background-solution\\\\functions\\\\node_modules\\\\firebase-functions\\\\lib\\\\index.js\"}"}}
[debug] [2022-04-02T17:52:20.576Z] [runtime-status] [14420] Checked functions.config() {"config":{"someservice":{"key":"THE API KEY"},"google":{"key":"AIzaSyAEsE2x6HyHODGFkiLo1nQ3qnjHZSJU47I"}}} {"metadata":{"emulator":{"name":"functions"},"function":{"name":"us-central1-geocode"},"extension":{},"message":"[runtime-status] [14420] Checked functions.config() {\"config\":{\"someservice\":{\"key\":\"THE API KEY\"},\"google\":{\"key\":\"AIzaSyAEsE2x6HyHODGFkiLo1nQ3qnjHZSJU47I\"}}}"}}
[debug] [2022-04-02T17:52:20.576Z] [runtime-status] [14420] firebase-functions has been stubbed. {"functionsResolution":{"declared":true,"installed":true,"version":"3.19.0","resolution":"C:\\Users\\iftkh\\Documents\\MealsToGo-59-image-background-solution\\functions\\node_modules\\firebase-functions\\lib\\index.js"}} {"metadata":{"emulator":{"name":"functions"},"function":{"name":"us-central1-geocode"},"extension":{},"message":"[runtime-status] [14420] firebase-functions has been stubbed. {\"functionsResolution\":{\"declared\":true,\"installed\":true,\"version\":\"3.19.0\",\"resolution\":\"C:\\\\Users\\\\iftkh\\\\Documents\\\\MealsToGo-59-image-background-solution\\\\functions\\\\node_modules\\\\firebase-functions\\\\lib\\\\index.js\"}}"}}
[debug] [2022-04-02T17:52:20.577Z] [runtime-status] [14420] Resolved module firebase-functions {"declared":true,"installed":true,"version":"3.19.0","resolution":"C:\\Users\\iftkh\\Documents\\MealsToGo-59-image-background-solution\\functions\\node_modules\\firebase-functions\\lib\\index.js"} {"metadata":{"emulator":{"name":"functions"},"function":{"name":"us-central1-geocode"},"extension":{},"message":"[runtime-status] [14420] Resolved module firebase-functions {\"declared\":true,\"installed\":true,\"version\":\"3.19.0\",\"resolution\":\"C:\\\\Users\\\\iftkh\\\\Documents\\\\MealsToGo-59-image-background-solution\\\\functions\\\\node_modules\\\\firebase-functions\\\\lib\\\\index.js\"}"}}
[debug] [2022-04-02T17:52:20.583Z] [runtime-status] [14420] Resolved module firebase-admin {"declared":true,"installed":true,"version":"10.0.2","resolution":"C:\\Users\\iftkh\\Documents\\MealsToGo-59-image-background-solution\\functions\\node_modules\\firebase-admin\\lib\\index.js"} {"metadata":{"emulator":{"name":"functions"},"function":{"name":"us-central1-geocode"},"extension":{},"message":"[runtime-status] [14420] Resolved module firebase-admin {\"declared\":true,\"installed\":true,\"version\":\"10.0.2\",\"resolution\":\"C:\\\\Users\\\\iftkh\\\\Documents\\\\MealsToGo-59-image-background-solution\\\\functions\\\\node_modules\\\\firebase-admin\\\\lib\\\\index.js\"}"}}
[debug] [2022-04-02T17:52:20.587Z] [runtime-status] [14420] Resolved module firebase-functions {"declared":true,"installed":true,"version":"3.19.0","resolution":"C:\\Users\\iftkh\\Documents\\MealsToGo-59-image-background-solution\\functions\\node_modules\\firebase-functions\\lib\\index.js"} {"metadata":{"emulator":{"name":"functions"},"function":{"name":"us-central1-geocode"},"extension":{},"message":"[runtime-status] [14420] Resolved module firebase-functions {\"declared\":true,\"installed\":true,\"version\":\"3.19.0\",\"resolution\":\"C:\\\\Users\\\\iftkh\\\\Documents\\\\MealsToGo-59-image-background-solution\\\\functions\\\\node_modules\\\\firebase-functions\\\\lib\\\\index.js\"}"}}
[debug] [2022-04-02T17:52:20.588Z] [runtime-status] [14420] firebase-admin has been stubbed. {"adminResolution":{"declared":true,"installed":true,"version":"10.0.2","resolution":"C:\\Users\\iftkh\\Documents\\MealsToGo-59-image-background-solution\\functions\\node_modules\\firebase-admin\\lib\\index.js"}} {"metadata":{"emulator":{"name":"functions"},"function":{"name":"us-central1-geocode"},"extension":{},"message":"[runtime-status] [14420] firebase-admin has been stubbed. {\"adminResolution\":{\"declared\":true,\"installed\":true,\"version\":\"10.0.2\",\"resolution\":\"C:\\\\Users\\\\iftkh\\\\Documents\\\\MealsToGo-59-image-background-solution\\\\functions\\\\node_modules\\\\firebase-admin\\\\lib\\\\index.js\"}}"}}
[debug] [2022-04-02T17:52:20.901Z] [runtime-status] [14420] Beginning invocation function geocode! {"metadata":{"emulator":{"name":"functions"},"function":{"name":"us-central1-geocode"},"extension":{},"message":"[runtime-status] [14420] Beginning invocation function geocode!"}}
[info] i  functions: Beginning execution of "geocode" {"metadata":{"emulator":{"name":"functions"},"function":{"name":"us-central1-geocode"},"extension":{},"message":"Beginning execution of \"geocode\""}}
[debug] [2022-04-02T17:52:20.904Z] [runtime-status] [14420] Running geocode in signature http {"metadata":{"emulator":{"name":"functions"},"function":{"name":"us-central1-geocode"},"extension":{},"message":"[runtime-status] [14420] Running geocode in signature http"}}
[debug] [2022-04-02T17:52:20.912Z] [runtime-status] [14420] Attempting to listen to socketPath: \\?\pipe\C:\Users\iftkh\Documents\MealsToGo-59-image-background-solution\functions\14420 {"metadata":{"emulator":{"name":"functions"},"function":{"name":"us-central1-geocode"},"extension":{},"message":"[runtime-status] [14420] Attempting to listen to socketPath: \\\\?\\pipe\\C:\\Users\\iftkh\\Documents\\MealsToGo-59-image-background-solution\\functions\\14420"}}
[debug] [2022-04-02T17:52:20.930Z] [functions] Runtime ready! Sending request! {"metadata":{"emulator":{"name":"functions"},"message":"[functions] Runtime ready! Sending request!"}}
[debug] [2022-04-02T17:52:20.933Z] [functions] Got req.url=/photohol-e0497/us-central1/geocode, mapping to path=/ {"metadata":{"emulator":{"name":"functions"},"message":"[functions] Got req.url=/photohol-e0497/us-central1/geocode, mapping to path=/"}}
[debug] [2022-04-02T17:52:20.944Z] [runtime-status] [14420] Ephemeral server handling GET request {"metadata":{"emulator":{"name":"functions"},"function":{"name":"us-central1-geocode"},"extension":{},"message":"[runtime-status] [14420] Ephemeral server handling GET request"}}
[debug] [2022-04-02T17:52:21.039Z] [runtime-status] [14420] Ephemeral server survived. {"metadata":{"emulator":{"name":"functions"},"function":{"name":"us-central1-geocode"},"extension":{},"message":"[runtime-status] [14420] Ephemeral server survived."}}
[info] i  functions: Finished "geocode" in ~1s {"metadata":{"emulator":{"name":"functions"},"function":{"name":"us-central1-geocode"},"extension":{},"message":"Finished \"geocode\" in ~1s"}}
[debug] [2022-04-02T17:52:21.578Z] [worker-us-central1-geocode-5d8ce948-c911-4267-89b9-74c28275c2e5]: IDLE {"metadata":{"emulator":{"name":"functions"},"message":"[worker-us-central1-geocode-5d8ce948-c911-4267-89b9-74c28275c2e5]: IDLE"}}
[debug] [2022-04-02T17:52:21.579Z] [work-queue] {"queueLength":0,"workRunningCount":0}
